<html>
<body>
<pre>
<h1>µVision Build Log</h1>
<h2>Project:</h2>
E:\Projects\.History\Computer_Composition_Lab\Hardwre_Experiment_1\USER\Test.uvprojx
Project File Date:  11/14/2024

<h2>Output:</h2>
Rebuild target 'Target 1'
assembling main.s...
main.s(193): warning: A1581W: Added 2 bytes of padding at address 0x11a
assembling delay.s...
..\SYSTEM\delay.s(52): warning: A1581W: Added 2 bytes of padding at address 0x32
..\SYSTEM\delay.s(90): warning: A1581W: Added 2 bytes of padding at address 0x3e
compiling system_stm32f4xx.c...
assembling startup_stm32f40_41xxx.s...
compiling stm32f4xx_gpio.c...
compiling stm32f4xx_rcc.c...
linking...
Program Size: Code=1116 RO-data=424 RW-data=28 ZI-data=1636  
FromELF: creating hex file...
".\Objects\Test.axf" - 0 Error(s), 3 Warning(s).
</pre>
</body>
</html>
